// Jest Snapshot v1, https://goo.gl/fbAQLP

exports[`WalletItem.js matches snapshot 1`] = `
<div>
  <h5
    class="m-0 fw-medium"
  >
    Card 0
  </h5>
  <h6
    class="m-0 fw-medium"
  >
    1000.00
     
    â‚´
  </h6>
</div>
`;
